// Jest Snapshot v1, https://goo.gl/fbAQLP

exports[`should render properly 1`] = `
<div
  className="Todo__creation floating-label-group"
>
  <input
    className="Todo__input"
    required={true}
  />
  <label
    className="floating-label-1"
  >
    What need to be done?
  </label>
</div>
`;
